---
source: tests/codegen_tests.rs
expression: "transpile_file(\"examples/customer_api/src/main.cu.py\")"
---
use actix_web::{web, App, HttpServer, HttpResponse};
use rusqlite::Connection;
use serde::{Serialize, Deserialize};
use uuid::Uuid;
use std::sync::Mutex;

#[derive(Debug, Clone)]
struct AppState {
    db: Mutex<Connection>,
}

impl AppState {
    fn new(db: Mutex<Connection>) -> Self {
        Self {
            db,
        }
    }
}

#[derive(Debug, Clone)]
struct ErrorResponse {
    error: String,
}

impl ErrorResponse {
    fn new(error: String) -> Self {
        Self {
            error,
        }
    }
}

fn init_db(conn: &Connection) {
    conn.execute_batch("CREATE TABLE IF NOT EXISTS customers (id TEXT PRIMARY KEY, name TEXT NOT NULL, email TEXT NOT NULL, phone TEXT)").expect("Failed to create table");
}

async fn list_customers(data: web::Data<AppState>) -> HttpResponse {
    let db = data.db.lock().unwrap();
    let stmt = db.prepare("SELECT id, name, email, phone FROM customers").unwrap();
    let customers: Vec<Customer> = stmt.query_map(vec![], |row| Ok(Customer { id: row.get(0)?, name: row.get(1)?, email: row.get(2)?, phone: row.get(3)? })).unwrap().filter_map(|r| r.ok()).collect();
    let total = customers.len();
    return HttpResponse::Ok().json(CustomerList { customers, total });
}

async fn create_customer(data: web::Data<AppState>, body: web::Json<CustomerCreate>) -> HttpResponse {
    let id = Uuid::new_v4().to_string();
    let customer = Customer { id: id.clone(), name: body.name.clone(), email: body.email.clone(), phone: body.phone.clone() };
    let db = data.db.lock().unwrap();
    db.execute("INSERT INTO customers (id, name, email, phone) VALUES (?1, ?2, ?3, ?4)", rusqlite::params![customer.id, customer.name, customer.email, customer.phone]).unwrap();
    return HttpResponse::Created().json(customer);
}

async fn get_customer(data: web::Data<AppState>, path: web::Path<String>) -> HttpResponse {
    let id = path.into_inner();
    let db = data.db.lock().unwrap();
    let result = db.query_row("SELECT id, name, email, phone FROM customers WHERE id = ?1", rusqlite::params![id], |row| Ok(Customer { id: row.get(0)?, name: row.get(1)?, email: row.get(2)?, phone: row.get(3)? }));
    if result.is_ok() {
        return HttpResponse::Ok().json(result.unwrap());
    } else {
        return HttpResponse::NotFound().json(ErrorResponse { error: "customer not found".to_string() });
    }
}

async fn update_customer(data: web::Data<AppState>, path: web::Path<String>, body: web::Json<CustomerUpdate>) -> HttpResponse {
    let id = path.into_inner();
    let db = data.db.lock().unwrap();
    let existing = db.query_row("SELECT id, name, email, phone FROM customers WHERE id = ?1", rusqlite::params![id], |row| Ok(Customer { id: row.get(0)?, name: row.get(1)?, email: row.get(2)?, phone: row.get(3)? }));
    if existing.is_err() {
        return HttpResponse::NotFound().json(ErrorResponse { error: "customer not found".to_string() });
    }
    let mut customer = existing.unwrap();
    if body.name.is_some() {
        customer.name = body.name.clone().unwrap();
    }
    if body.email.is_some() {
        customer.email = body.email.clone().unwrap();
    }
    if body.phone.is_some() {
        customer.phone = body.phone.clone();
    }
    db.execute("UPDATE customers SET name = ?1, email = ?2, phone = ?3 WHERE id = ?4", rusqlite::params![customer.name, customer.email, customer.phone, customer.id]).unwrap();
    return HttpResponse::Ok().json(customer);
}

async fn delete_customer(data: web::Data<AppState>, path: web::Path<String>) -> HttpResponse {
    let id = path.into_inner();
    let db = data.db.lock().unwrap();
    let rows = db.execute("DELETE FROM customers WHERE id = ?1", rusqlite::params![id]).unwrap();
    if rows == 0 {
        return HttpResponse::NotFound().json(ErrorResponse { error: "customer not found".to_string() });
    } else {
        return HttpResponse::NoContent().finish();
    }
}

#[actix_web::main]
async fn main() -> std::io::Result<()> {
    let conn = Connection::open(":memory:").expect("Failed to open database");
    init_db(&conn);
    let data = web::Data::new(AppState { db: Mutex::new(conn) });
    println!("{}", "Starting server at http://127.0.0.1:8080");
    let server = HttpServer::new(move || App::new().app_data(data.clone()).route("/customers", web::get().to(list_customers)).route("/customers", web::post().to(create_customer)).route("/customers/{id}", web::get().to(get_customer)).route("/customers/{id}", web::put().to(update_customer)).route("/customers/{id}", web::delete().to(delete_customer)));
    server.bind("127.0.0.1:8080")?.run().await;
}
